usage:
    flox [(-h|--help)] [--version] [--prefix]

general commands:
    flox [(-v|--verbose)] [--debug] <command> [<args>]
    ----
    flox channels - list channel subscriptions
    flox subscribe [<name> [<url>]]
         - subscribe to channel URL
    flox unsubscribe [<name>]
         - unsubscribe from channel
    flox search [(-c|--channel) <channel>] [--json] <args>
         - search packages in subscribed channels
    flox config - configure user parameters
    flox gh - access to the gh CLI
    flox (envs|environments) - list all available environments

environment commands:
    flox <command> [(-e|--environment) <env>] [<args>]
    ----
    flox activate - activate environment:
        in current shell: . <(flox activate)
        in subshell: flox activate
        for command: flox activate -- <command> <args>
    flox list [--out-path]
         - list installed packages
    flox install - install a package into an environment
    flox (rm|remove) - remove packages from an environment
    flox upgrade [--force]
         - upgrade packages using their most recent flake
    flox edit - edit declarative environment manifest
    flox import - import declarative environment manifest as new generation
    flox export - display declarative environment manifest
    flox history [--oneline]
         - show all versions of an environment
    flox generations - list environment generations with contents
    flox rollback - roll back to the previous generation of an environment
    flox switch-generation - switch to a specific generation of an environment
    flox wipe-history - delete non-current versions of an environment
    flox destroy [--force] [--origin]
         - remove all data pertaining to an environment
    flox push [--force]
         - send environment metadata to remote registry
    flox pull [--force]
         - pull environment metadata from remote registry
    flox git - access to the git CLI for floxmeta repository

development commands:
    flox [--stability (stable|staging|unstable)] \
         [(-d|--date) <date_string>] <command> [<args>]
    ----
    flox init - initialize flox expressions for current project
    flox build - build package from current project
    flox develop - launch development shell for current project
    flox publish [--publish-to <gitURL>] [--upstream-url <gitURL>] \
                 [--copy-to <nixURI>] [--copy-from <nixURI>] \
                 [--render-path <dir>] [--key-file <file>]
         - build and publish project to flox channel
    flox run - run app from current project
    flox shell - run a shell in which the current project is available

